High-Performance Order Book Engine
Processing MBO file: quant_dev_trial/mbo.csv
Parsed 5886 MBO events from quant_dev_trial/mbo.csv
Successfully parsed 5886 MBO events in 13 ms

Processing MBO events and generating snapshots...
T->F->C #1 at timestamp 1752673179996436857: T(B,13.4,1) F(A,13.4,1) C(A,13.4,1)
T->F->C #2 at timestamp 1752682864035632459: T(B,13.27,15) F(A,13.27,15) C(A,13.27,15)
T->F->C #3 at timestamp 1752684709202985817: T(A,13.11,100) F(B,13.11,100) C(B,13.11,100)
T->F->C #4 at timestamp 1752684869752502545: T(B,13.23,15) F(A,13.23,15) C(A,13.23,15)
T->F->C #5 at timestamp 1752684869752502545: T(B,13.25,15) F(A,13.25,15) C(A,13.25,15)
T->F->C #6 at timestamp 1752684869752502545: T(B,13.25,50) F(A,13.25,50) C(A,13.25,50)
T->F->C #7 at timestamp 1752693510146771786: T(A,13,1) F(B,13,1) C(B,13,1)
T->F->C #8 at timestamp 1752694692555205140: T(B,13.08,3) F(A,13.08,3) C(A,13.08,3)
T->F->C #9 at timestamp 1752694949284753592: T(B,12.7,1) F(A,12.7,1) C(A,12.7,1)
T->F->C #10 at timestamp 1752695028774314350: T(B,12.64,17) F(A,12.64,17) C(A,12.64,17)
T->F->C #11 at timestamp 1752695028774317607: T(B,12.64,13) F(A,12.64,13) C(A,12.64,13)
Processed 5886 events in 298 ms
Generated and wrote 5864 MBP-10 snapshots to output.csv
Detected 11 T->F->C sequences

Order Book Statistics:
Bid levels: 3
Ask levels: 3
Active orders: 6

Top 5 Bid Levels:
Price      | Size     | Count
-----------|----------|------
      9.85 |      400 |    1
      9.84 |      100 |    1
      9.79 |      100 |    1

Top 5 Ask Levels:
Price      | Size     | Count
-----------|----------|------
     16.25 |       60 |    1
     17.85 |      100 |    1
     17.93 |      100 |    1

Order book processing completed successfully!
